src/app/ai/page.tsx(2,24): error TS2307: Cannot find module '@/components/ui/button' or its corresponding type declarations.
src/app/ai/page.tsx(3,23): error TS2307: Cannot find module '@/components/ui/input' or its corresponding type declarations.
src/app/ai/page.tsx(4,28): error TS2307: Cannot find module '@/components/ui/scroll-area' or its corresponding type declarations.
src/app/ai/page.tsx(169,26): error TS7006: Parameter 'e' implicitly has an 'any' type.
src/app/ai/page.tsx(170,27): error TS7006: Parameter 'e' implicitly has an 'any' type.
src/app/expenses/page.tsx(1,24): error TS2307: Cannot find module '@/components/ui/button' or its corresponding type declarations.
src/app/expenses/page.tsx(3,23): error TS2307: Cannot find module '@/components/ui/input' or its corresponding type declarations.
src/app/expenses/page.tsx(10,8): error TS2307: Cannot find module '@/components/ui/select' or its corresponding type declarations.
src/components/expenses/expense-chart.tsx(4,58): error TS2307: Cannot find module '@/components/ui/card' or its corresponding type declarations.
src/components/expenses/expense-chart.tsx(43,17): error TS2322: Type '(value: number) => [string, string]' is not assignable to type 'Formatter<ValueType, NameType> & ((value: ValueType, name: NameType, item: TooltipPayloadEntry, index: number, payload: TooltipPayload) => ReactNode | [...])'.
  Type '(value: number) => [string, string]' is not assignable to type 'Formatter<ValueType, NameType>'.
    Types of parameters 'value' and 'value' are incompatible.
      Type 'ValueType | undefined' is not assignable to type 'number'.
        Type 'undefined' is not assignable to type 'number'.
src/components/expenses/expense-chart.tsx(56,43): error TS18048: 'entry.payload' is possibly 'undefined'.
src/components/expenses/expense-chart.tsx(56,57): error TS2339: Property 'value' does not exist on type 'object'.
src/components/expenses/expense-list.tsx(1,23): error TS2307: Cannot find module '@/components/ui/badge' or its corresponding type declarations.
src/components/expenses/expense-list.tsx(2,22): error TS2307: Cannot find module '@/components/ui/card' or its corresponding type declarations.
src/components/expenses/expense-list.tsx(10,8): error TS2307: Cannot find module '@/components/ui/dropdown-menu' or its corresponding type declarations.
src/components/expenses/new-expense-modal.tsx(8,8): error TS2307: Cannot find module '@/components/ui/dialog' or its corresponding type declarations.
src/components/expenses/new-expense-modal.tsx(9,24): error TS2307: Cannot find module '@/components/ui/button' or its corresponding type declarations.
src/components/expenses/new-expense-modal.tsx(10,23): error TS2307: Cannot find module '@/components/ui/input' or its corresponding type declarations.
src/components/expenses/new-expense-modal.tsx(11,23): error TS2307: Cannot find module '@/components/ui/label' or its corresponding type declarations.
src/components/expenses/new-expense-modal.tsx(18,8): error TS2307: Cannot find module '@/components/ui/select' or its corresponding type declarations.
src/components/finance/financial-score-card.tsx(1,35): error TS2307: Cannot find module '@/components/ui/card' or its corresponding type declarations.
src/components/finance/main-balance-card.tsx(1,35): error TS2307: Cannot find module '@/components/ui/card' or its corresponding type declarations.
src/components/finance/main-balance-card.tsx(2,26): error TS2307: Cannot find module '@/components/ui/progress' or its corresponding type declarations.
src/components/finance/recent-transactions.tsx(1,58): error TS2307: Cannot find module '@/components/ui/card' or its corresponding type declarations.
src/components/finance/recent-transactions.tsx(2,23): error TS2307: Cannot find module '@/components/ui/badge' or its corresponding type declarations.
src/components/finance/summary-grid.tsx(1,35): error TS2307: Cannot find module '@/components/ui/card' or its corresponding type declarations.
